// Jest Snapshot v1, https://goo.gl/fbAQLP

exports[`TodoAdd tests TodoAdd should render correctly 1`] = `
<Fragment>
  <h4>
    Add Todo
  </h4>
  <hr />
  <form
    onSubmit={[Function]}
  >
    <input
      autoComplete="off"
      className="form-control"
      name="description"
      onChange={[Function]}
      placeholder="Enter todo"
      type="text"
      value=""
    />
    <button
      className="btn btn-outline-primary mt-1 btn-block"
    >
      Add
    </button>
  </form>
</Fragment>
`;
