// Jest Snapshot v1, https://goo.gl/fbAQLP

exports[`TodoListItem tests TodoListItem should render correctly 1`] = `
<li
  className="list-group-item"
  key="1"
>
  <p
    className="false"
    onClick={[Function]}
  >
    2
    .- 
    Learn React
  </p>
  <button
    className="btn btn-danger"
    onClick={[Function]}
  >
    Delete todo
  </button>
</li>
`;
