// Jest Snapshot v1, https://goo.gl/fbAQLP

exports[`RealExampleRef tests RealExampleRef should render correctly 1`] = `
<Fragment>
  <h1>
    Real Example Ref
  </h1>
  <hr />
  <button
    className="btn btn-outline-primary mt-5"
    onClick={[Function]}
  >
    Show / Hide
  </button>
</Fragment>
`;
